node.exe : ÔÜá Warning: Next.
js inferred your workspace ro
ot, but it may not be correct
.
At line:1 char:1
+ & "C:\Program Files\nodejs/
node.exe" "C:\Program Files\n
odejs/node_mo ...
+ ~~~~~~~~~~~~~~~~~~~~~~~~~~~
~~~~~~~~~~~~~~~~~~~~~~~~~~~~~
~~~~~~~~~~~~~
    + CategoryInfo           
   : NotSpecified: (ÔÜá War  
  ning: Ne...not be correc   
 t.:String) [], RemoteExc    
eption
    + FullyQualifiedErrorId  
   : NativeCommandError
 
 We detected multiple lockfil
es and selected the directory
 of C:\Users\Lenovo\package-l
ock.json as the root director
y.
 To silence this warning, set
 `turbopack.root` in your Nex
t.js config, or consider remo
ving one of the lockfiles if 
it's not needed.
   See https://nextjs.org/doc
s/app/api-reference/config/ne
xt-config-js/turbopack#root-d
irectory for more information
.
 Detected additional lockfile
s: 
   * C:\Users\Lenovo\Dillon\t
imavordur\package-lock.json
   * C:\Users\Lenovo\Dillon\p
ackage-lock.json

Ôû▓ Next.js 16.2.1 (Turbopack)
- Environments: .env.local

  Creating an optimized production build ...
Ô£ô Compiled successfully in 4.1s
  Running TypeScript ...
  Finished TypeScript in 3.4s ...
  Collecting page data using 12 workers ...
[FIREBASE ADMIN] Tengt me├░ service-account-key.json
[FIREBASE ADMIN] Tengt me├░ service-account-key.json
[FIREBASE ADMIN] Tengt me├░ service-account-key.json
[FIREBASE ADMIN] Tengt me├░ service-account-key.json
  Generating static pages using 12 workers (0/6) ...
[FIREBASE ADMIN] Tengt me├░ service-account-key.json
  Generating static pages using 12 workers (1/6) 
  Generating static pages using 12 workers (2/6) 
  Generating static pages using 12 workers (4/6) 
Ô£ô Generating static pages using 12 workers (6/6) in 1408ms
  Finalizing page optimization ...

Route (app)
Ôöî Ôùï /
Ôö£ Ôùï /_not-found
Ôö£ ãÆ /[slug]/admin
Ôö£ ãÆ /[slug]/staff
Ôö£ ãÆ /api/[slug]/admin
Ôö£ ãÆ /api/[slug]/company
Ôö£ ãÆ /api/[slug]/staff/punch
Ôö£ ãÆ /api/companies
Ôöö Ôùï /superadmin


ãÆ Proxy (Middleware)

Ôùï  (Static)   prerendered as static content
ãÆ  (Dynamic)  server-rendered on demand

